	a

	b
	   c = @"1"; c1 = @"2"
  d; d1 ; d2
	  e
	@"123"
	@"1
	1
    2"
f

	" @"
	g

